
> script-bot@0.1.0 dev
> next dev

   ▲ Next.js 16.0.7 (Turbopack)
   - Local:         http://localhost:3000
   - Network:       http://192.168.0.2:3000
   - Experiments (use with caution):
     · serverActions

 ✓ Starting...
 ✓ Ready in 1181ms
 ○ Compiling /projects ...
prisma:query SELECT `main`.`Project`.`id`, `main`.`Project`.`name`, `main`.`Project`.`description`, `main`.`Project`.`color`, `main`.`Project`.`createdAt`, `main`.`Project`.`updatedAt`, `main`.`Project`.`script`, COALESCE(`aggr_selection_0_File`.`_aggr_count_files`, 0) AS `_aggr_count_files` FROM `main`.`Project` LEFT JOIN (SELECT `main`.`File`.`projectId`, COUNT(*) AS `_aggr_count_files` FROM `main`.`File` WHERE 1=1 GROUP BY `main`.`File`.`projectId`) AS `aggr_selection_0_File` ON (`main`.`Project`.`id` = `aggr_selection_0_File`.`projectId`) WHERE 1=1 ORDER BY `main`.`Project`.`updatedAt` DESC LIMIT ? OFFSET ?
 GET /projects 200 in 5.1s (compile: 4.4s, render: 672ms)
prisma:query SELECT `main`.`Project`.`id`, `main`.`Project`.`name`, `main`.`Project`.`description`, `main`.`Project`.`color`, `main`.`Project`.`createdAt`, `main`.`Project`.`updatedAt`, `main`.`Project`.`script`, COALESCE(`aggr_selection_0_File`.`_aggr_count_files`, 0) AS `_aggr_count_files` FROM `main`.`Project` LEFT JOIN (SELECT `main`.`File`.`projectId`, COUNT(*) AS `_aggr_count_files` FROM `main`.`File` WHERE 1=1 GROUP BY `main`.`File`.`projectId`) AS `aggr_selection_0_File` ON (`main`.`Project`.`id` = `aggr_selection_0_File`.`projectId`) WHERE 1=1 ORDER BY `main`.`Project`.`updatedAt` DESC LIMIT ? OFFSET ?
 GET /projects 200 in 140ms (compile: 5ms, render: 134ms)
 GET /projects/new 200 in 1232ms (compile: 1195ms, render: 37ms)
prisma:query SELECT 1
prisma:query SELECT `main`.`Project`.`id`, `main`.`Project`.`name`, `main`.`Project`.`description`, `main`.`Project`.`color`, `main`.`Project`.`createdAt`, `main`.`Project`.`updatedAt`, `main`.`Project`.`script`, COALESCE(`aggr_selection_0_File`.`_aggr_count_files`, 0) AS `_aggr_count_files` FROM `main`.`Project` LEFT JOIN (SELECT `main`.`File`.`projectId`, COUNT(*) AS `_aggr_count_files` FROM `main`.`File` WHERE 1=1 GROUP BY `main`.`File`.`projectId`) AS `aggr_selection_0_File` ON (`main`.`Project`.`id` = `aggr_selection_0_File`.`projectId`) WHERE 1=1 ORDER BY `main`.`Project`.`updatedAt` DESC LIMIT ? OFFSET ?
 GET /projects 200 in 185ms (compile: 6ms, render: 179ms)
 GET /projects/new 200 in 37ms (compile: 5ms, render: 33ms)
prisma:query SELECT 1
prisma:query SELECT `main`.`Project`.`id`, `main`.`Project`.`name`, `main`.`Project`.`description`, `main`.`Project`.`color`, `main`.`Project`.`createdAt`, `main`.`Project`.`updatedAt`, `main`.`Project`.`script`, COALESCE(`aggr_selection_0_File`.`_aggr_count_files`, 0) AS `_aggr_count_files` FROM `main`.`Project` LEFT JOIN (SELECT `main`.`File`.`projectId`, COUNT(*) AS `_aggr_count_files` FROM `main`.`File` WHERE 1=1 GROUP BY `main`.`File`.`projectId`) AS `aggr_selection_0_File` ON (`main`.`Project`.`id` = `aggr_selection_0_File`.`projectId`) WHERE 1=1 ORDER BY `main`.`Project`.`updatedAt` DESC LIMIT ? OFFSET ?
 GET /projects 200 in 257ms (compile: 40ms, render: 217ms)
 GET /projects/new 200 in 46ms (compile: 19ms, render: 27ms)
prisma:query SELECT 1
prisma:query SELECT `main`.`Project`.`id`, `main`.`Project`.`name`, `main`.`Project`.`description`, `main`.`Project`.`color`, `main`.`Project`.`createdAt`, `main`.`Project`.`updatedAt`, `main`.`Project`.`script`, COALESCE(`aggr_selection_0_File`.`_aggr_count_files`, 0) AS `_aggr_count_files` FROM `main`.`Project` LEFT JOIN (SELECT `main`.`File`.`projectId`, COUNT(*) AS `_aggr_count_files` FROM `main`.`File` WHERE 1=1 GROUP BY `main`.`File`.`projectId`) AS `aggr_selection_0_File` ON (`main`.`Project`.`id` = `aggr_selection_0_File`.`projectId`) WHERE 1=1 ORDER BY `main`.`Project`.`updatedAt` DESC LIMIT ? OFFSET ?
 GET /projects 200 in 139ms (compile: 3ms, render: 136ms)
 GET /projects/new 200 in 44ms (compile: 6ms, render: 38ms)
prisma:query INSERT INTO `main`.`Project` (`id`, `name`, `color`, `createdAt`, `updatedAt`) VALUES (?,?,?,?,?) RETURNING `id` AS `id`, `name` AS `name`, `description` AS `description`, `color` AS `color`, `createdAt` AS `createdAt`, `updatedAt` AS `updatedAt`, `script` AS `script`
 ○ Compiling /projects/[id] ...
 GET /projects/cmj3flgj80000i256honkqt31 200 in 7.0s (compile: 6.9s, render: 101ms)
 POST /projects/new 303 in 7.1s (compile: 4ms, render: 7.1s)
prisma:query SELECT `main`.`Summary`.`id`, `main`.`Summary`.`title`, `main`.`Summary`.`type`, `main`.`Summary`.`createdAt`, `main`.`Summary`.`updatedAt`, `main`.`Summary`.`projectId`, `main`.`Summary`.`exerciseId`, COALESCE(`aggr_selection_0_Block`.`_aggr_count_blocks`, 0) AS `_aggr_count_blocks` FROM `main`.`Summary` LEFT JOIN (SELECT `main`.`Block`.`summaryId`, COUNT(*) AS `_aggr_count_blocks` FROM `main`.`Block` WHERE 1=1 GROUP BY `main`.`Block`.`summaryId`) AS `aggr_selection_0_Block` ON (`main`.`Summary`.`id` = `aggr_selection_0_Block`.`summaryId`) WHERE `main`.`Summary`.`projectId` = ? ORDER BY `main`.`Summary`.`createdAt` DESC LIMIT ? OFFSET ?
 POST /projects/cmj3flgj80000i256honkqt31 200 in 175ms (compile: 45ms, render: 130ms)
prisma:query SELECT `main`.`Project`.`id`, `main`.`Project`.`name`, `main`.`Project`.`description`, `main`.`Project`.`color`, `main`.`Project`.`createdAt`, `main`.`Project`.`updatedAt`, `main`.`Project`.`script` FROM `main`.`Project` WHERE (`main`.`Project`.`id` = ? AND 1=1) LIMIT ? OFFSET ?
prisma:query SELECT `main`.`File`.`id`, `main`.`File`.`name`, `main`.`File`.`url`, `main`.`File`.`mimeType`, `main`.`File`.`size`, `main`.`File`.`category`, `main`.`File`.`createdAt`, `main`.`File`.`updatedAt`, `main`.`File`.`projectId` FROM `main`.`File` WHERE `main`.`File`.`projectId` IN (?) LIMIT ? OFFSET ?
prisma:query SELECT `main`.`Summary`.`id`, `main`.`Summary`.`title`, `main`.`Summary`.`type`, `main`.`Summary`.`createdAt`, `main`.`Summary`.`updatedAt`, `main`.`Summary`.`projectId`, `main`.`Summary`.`exerciseId` FROM `main`.`Summary` WHERE `main`.`Summary`.`projectId` IN (?) LIMIT ? OFFSET ?
 POST /projects/cmj3flgj80000i256honkqt31 200 in 19ms (compile: 6ms, render: 13ms)
prisma:query SELECT `main`.`Summary`.`id`, `main`.`Summary`.`title`, `main`.`Summary`.`type`, `main`.`Summary`.`createdAt`, `main`.`Summary`.`updatedAt`, `main`.`Summary`.`projectId`, `main`.`Summary`.`exerciseId`, COALESCE(`aggr_selection_0_Block`.`_aggr_count_blocks`, 0) AS `_aggr_count_blocks` FROM `main`.`Summary` LEFT JOIN (SELECT `main`.`Block`.`summaryId`, COUNT(*) AS `_aggr_count_blocks` FROM `main`.`Block` WHERE 1=1 GROUP BY `main`.`Block`.`summaryId`) AS `aggr_selection_0_Block` ON (`main`.`Summary`.`id` = `aggr_selection_0_Block`.`summaryId`) WHERE `main`.`Summary`.`projectId` = ? ORDER BY `main`.`Summary`.`updatedAt` DESC LIMIT ? OFFSET ?
prisma:query SELECT `main`.`Exercise`.`id`, `main`.`Exercise`.`title`, `main`.`Exercise`.`createdAt`, `main`.`Exercise`.`updatedAt`, `main`.`Exercise`.`projectId`, `main`.`Exercise`.`fileId`, `main`.`Exercise`.`structure`, `main`.`Exercise`.`generatedExercises`, COALESCE(`aggr_selection_0_Block`.`_aggr_count_blocks`, 0) AS `_aggr_count_blocks` FROM `main`.`Exercise` LEFT JOIN (SELECT `main`.`Block`.`exerciseId`, COUNT(*) AS `_aggr_count_blocks` FROM `main`.`Block` WHERE 1=1 GROUP BY `main`.`Block`.`exerciseId`) AS `aggr_selection_0_Block` ON (`main`.`Exercise`.`id` = `aggr_selection_0_Block`.`exerciseId`) WHERE `main`.`Exercise`.`projectId` = ? ORDER BY `main`.`Exercise`.`updatedAt` DESC LIMIT ? OFFSET ?
 POST /projects/cmj3flgj80000i256honkqt31 200 in 24ms (compile: 4ms, render: 20ms)
prisma:query SELECT `main`.`LearningSession`.`id`, `main`.`LearningSession`.`title`, `main`.`LearningSession`.`createdAt`, `main`.`LearningSession`.`updatedAt`, `main`.`LearningSession`.`status`, `main`.`LearningSession`.`projectId`, `main`.`LearningSession`.`contextFileIds`, COALESCE(`aggr_selection_0_LearningUnit`.`_aggr_count_units`, 0) AS `_aggr_count_units` FROM `main`.`LearningSession` LEFT JOIN (SELECT `main`.`LearningUnit`.`sessionId`, COUNT(*) AS `_aggr_count_units` FROM `main`.`LearningUnit` WHERE 1=1 GROUP BY `main`.`LearningUnit`.`sessionId`) AS `aggr_selection_0_LearningUnit` ON (`main`.`LearningSession`.`id` = `aggr_selection_0_LearningUnit`.`sessionId`) WHERE `main`.`LearningSession`.`projectId` = ? ORDER BY `main`.`LearningSession`.`createdAt` DESC LIMIT ? OFFSET ?
 POST /projects/cmj3flgj80000i256honkqt31 200 in 45ms (compile: 4ms, render: 41ms)
prisma:query SELECT `main`.`File`.`id`, `main`.`File`.`name`, `main`.`File`.`url`, `main`.`File`.`mimeType`, `main`.`File`.`size`, `main`.`File`.`category`, `main`.`File`.`createdAt`, `main`.`File`.`updatedAt`, `main`.`File`.`projectId` FROM `main`.`File` WHERE `main`.`File`.`projectId` = ? ORDER BY `main`.`File`.`createdAt` DESC LIMIT ? OFFSET ?
 POST /projects/cmj3flgj80000i256honkqt31 200 in 18ms (compile: 3ms, render: 15ms)
prisma:query SELECT `main`.`File`.`id`, `main`.`File`.`name`, `main`.`File`.`url`, `main`.`File`.`mimeType`, `main`.`File`.`size`, `main`.`File`.`category`, `main`.`File`.`createdAt`, `main`.`File`.`updatedAt`, `main`.`File`.`projectId` FROM `main`.`File` WHERE `main`.`File`.`projectId` = ? ORDER BY `main`.`File`.`createdAt` DESC LIMIT ? OFFSET ?
 POST /projects/cmj3flgj80000i256honkqt31 200 in 78ms (compile: 42ms, render: 36ms)
prisma:query INSERT INTO `main`.`File` (`id`, `name`, `url`, `mimeType`, `size`, `category`, `createdAt`, `updatedAt`, `projectId`) VALUES (?,?,?,?,?,?,?,?,?) RETURNING `id` AS `id`, `name` AS `name`, `url` AS `url`, `mimeType` AS `mimeType`, `size` AS `size`, `category` AS `category`, `createdAt` AS `createdAt`, `updatedAt` AS `updatedAt`, `projectId` AS `projectId`
 POST /projects/cmj3flgj80000i256honkqt31 200 in 382ms (compile: 149ms, render: 234ms)
prisma:query SELECT `main`.`File`.`id`, `main`.`File`.`name`, `main`.`File`.`url`, `main`.`File`.`mimeType`, `main`.`File`.`size`, `main`.`File`.`category`, `main`.`File`.`createdAt`, `main`.`File`.`updatedAt`, `main`.`File`.`projectId` FROM `main`.`File` WHERE `main`.`File`.`projectId` = ? ORDER BY `main`.`File`.`createdAt` DESC LIMIT ? OFFSET ?
 POST /projects/cmj3flgj80000i256honkqt31 200 in 97ms (compile: 55ms, render: 42ms)
prisma:query SELECT 1
prisma:query SELECT `main`.`LearningSession`.`id`, `main`.`LearningSession`.`title`, `main`.`LearningSession`.`createdAt`, `main`.`LearningSession`.`updatedAt`, `main`.`LearningSession`.`status`, `main`.`LearningSession`.`projectId`, `main`.`LearningSession`.`contextFileIds`, COALESCE(`aggr_selection_0_LearningUnit`.`_aggr_count_units`, 0) AS `_aggr_count_units` FROM `main`.`LearningSession` LEFT JOIN (SELECT `main`.`LearningUnit`.`sessionId`, COUNT(*) AS `_aggr_count_units` FROM `main`.`LearningUnit` WHERE 1=1 GROUP BY `main`.`LearningUnit`.`sessionId`) AS `aggr_selection_0_LearningUnit` ON (`main`.`LearningSession`.`id` = `aggr_selection_0_LearningUnit`.`sessionId`) WHERE `main`.`LearningSession`.`projectId` = ? ORDER BY `main`.`LearningSession`.`createdAt` DESC LIMIT ? OFFSET ?
 POST /projects/cmj3flgj80000i256honkqt31 200 in 59ms (compile: 40ms, render: 18ms)
prisma:query SELECT `main`.`File`.`id`, `main`.`File`.`name`, `main`.`File`.`url`, `main`.`File`.`mimeType`, `main`.`File`.`size`, `main`.`File`.`category`, `main`.`File`.`createdAt`, `main`.`File`.`updatedAt`, `main`.`File`.`projectId` FROM `main`.`File` WHERE `main`.`File`.`projectId` = ? ORDER BY `main`.`File`.`createdAt` DESC LIMIT ? OFFSET ?
 POST /projects/cmj3flgj80000i256honkqt31 200 in 20ms (compile: 5ms, render: 15ms)
prisma:query SELECT `main`.`Project`.`id`, `main`.`Project`.`name`, `main`.`Project`.`description`, `main`.`Project`.`color`, `main`.`Project`.`createdAt`, `main`.`Project`.`updatedAt`, `main`.`Project`.`script`, COALESCE(`aggr_selection_0_File`.`_aggr_count_files`, 0) AS `_aggr_count_files` FROM `main`.`Project` LEFT JOIN (SELECT `main`.`File`.`projectId`, COUNT(*) AS `_aggr_count_files` FROM `main`.`File` WHERE 1=1 GROUP BY `main`.`File`.`projectId`) AS `aggr_selection_0_File` ON (`main`.`Project`.`id` = `aggr_selection_0_File`.`projectId`) WHERE 1=1 ORDER BY `main`.`Project`.`updatedAt` DESC LIMIT ? OFFSET ?
 GET /projects 200 in 209ms (compile: 4ms, render: 204ms)
 GET /projects/new 200 in 42ms (compile: 4ms, render: 38ms)
prisma:query SELECT 1
prisma:query INSERT INTO `main`.`Project` (`id`, `name`, `color`, `createdAt`, `updatedAt`) VALUES (?,?,?,?,?) RETURNING `id` AS `id`, `name` AS `name`, `description` AS `description`, `color` AS `color`, `createdAt` AS `createdAt`, `updatedAt` AS `updatedAt`, `script` AS `script`
 GET /projects/cmj3fm1je0003i256zhfoewa8 200 in 74ms (compile: 31ms, render: 43ms)
 POST /projects/new 303 in 107ms (compile: 9ms, render: 98ms)
prisma:query SELECT `main`.`Summary`.`id`, `main`.`Summary`.`title`, `main`.`Summary`.`type`, `main`.`Summary`.`createdAt`, `main`.`Summary`.`updatedAt`, `main`.`Summary`.`projectId`, `main`.`Summary`.`exerciseId`, COALESCE(`aggr_selection_0_Block`.`_aggr_count_blocks`, 0) AS `_aggr_count_blocks` FROM `main`.`Summary` LEFT JOIN (SELECT `main`.`Block`.`summaryId`, COUNT(*) AS `_aggr_count_blocks` FROM `main`.`Block` WHERE 1=1 GROUP BY `main`.`Block`.`summaryId`) AS `aggr_selection_0_Block` ON (`main`.`Summary`.`id` = `aggr_selection_0_Block`.`summaryId`) WHERE `main`.`Summary`.`projectId` = ? ORDER BY `main`.`Summary`.`createdAt` DESC LIMIT ? OFFSET ?
 POST /projects/cmj3fm1je0003i256zhfoewa8 200 in 32ms (compile: 9ms, render: 23ms)
prisma:query SELECT `main`.`Project`.`id`, `main`.`Project`.`name`, `main`.`Project`.`description`, `main`.`Project`.`color`, `main`.`Project`.`createdAt`, `main`.`Project`.`updatedAt`, `main`.`Project`.`script` FROM `main`.`Project` WHERE (`main`.`Project`.`id` = ? AND 1=1) LIMIT ? OFFSET ?
prisma:query SELECT `main`.`File`.`id`, `main`.`File`.`name`, `main`.`File`.`url`, `main`.`File`.`mimeType`, `main`.`File`.`size`, `main`.`File`.`category`, `main`.`File`.`createdAt`, `main`.`File`.`updatedAt`, `main`.`File`.`projectId` FROM `main`.`File` WHERE `main`.`File`.`projectId` IN (?) LIMIT ? OFFSET ?
prisma:query SELECT `main`.`Summary`.`id`, `main`.`Summary`.`title`, `main`.`Summary`.`type`, `main`.`Summary`.`createdAt`, `main`.`Summary`.`updatedAt`, `main`.`Summary`.`projectId`, `main`.`Summary`.`exerciseId` FROM `main`.`Summary` WHERE `main`.`Summary`.`projectId` IN (?) LIMIT ? OFFSET ?
 POST /projects/cmj3fm1je0003i256zhfoewa8 200 in 14ms (compile: 4ms, render: 10ms)
prisma:query SELECT `main`.`Exercise`.`id`, `main`.`Exercise`.`title`, `main`.`Exercise`.`createdAt`, `main`.`Exercise`.`updatedAt`, `main`.`Exercise`.`projectId`, `main`.`Exercise`.`fileId`, `main`.`Exercise`.`structure`, `main`.`Exercise`.`generatedExercises`, COALESCE(`aggr_selection_0_Block`.`_aggr_count_blocks`, 0) AS `_aggr_count_blocks` FROM `main`.`Exercise` LEFT JOIN (SELECT `main`.`Block`.`exerciseId`, COUNT(*) AS `_aggr_count_blocks` FROM `main`.`Block` WHERE 1=1 GROUP BY `main`.`Block`.`exerciseId`) AS `aggr_selection_0_Block` ON (`main`.`Exercise`.`id` = `aggr_selection_0_Block`.`exerciseId`) WHERE `main`.`Exercise`.`projectId` = ? ORDER BY `main`.`Exercise`.`updatedAt` DESC LIMIT ? OFFSET ?
prisma:query SELECT `main`.`Summary`.`id`, `main`.`Summary`.`title`, `main`.`Summary`.`type`, `main`.`Summary`.`createdAt`, `main`.`Summary`.`updatedAt`, `main`.`Summary`.`projectId`, `main`.`Summary`.`exerciseId`, COALESCE(`aggr_selection_0_Block`.`_aggr_count_blocks`, 0) AS `_aggr_count_blocks` FROM `main`.`Summary` LEFT JOIN (SELECT `main`.`Block`.`summaryId`, COUNT(*) AS `_aggr_count_blocks` FROM `main`.`Block` WHERE 1=1 GROUP BY `main`.`Block`.`summaryId`) AS `aggr_selection_0_Block` ON (`main`.`Summary`.`id` = `aggr_selection_0_Block`.`summaryId`) WHERE `main`.`Summary`.`projectId` = ? ORDER BY `main`.`Summary`.`updatedAt` DESC LIMIT ? OFFSET ?
 POST /projects/cmj3fm1je0003i256zhfoewa8 200 in 21ms (compile: 4ms, render: 18ms)
prisma:query SELECT `main`.`LearningSession`.`id`, `main`.`LearningSession`.`title`, `main`.`LearningSession`.`createdAt`, `main`.`LearningSession`.`updatedAt`, `main`.`LearningSession`.`status`, `main`.`LearningSession`.`projectId`, `main`.`LearningSession`.`contextFileIds`, COALESCE(`aggr_selection_0_LearningUnit`.`_aggr_count_units`, 0) AS `_aggr_count_units` FROM `main`.`LearningSession` LEFT JOIN (SELECT `main`.`LearningUnit`.`sessionId`, COUNT(*) AS `_aggr_count_units` FROM `main`.`LearningUnit` WHERE 1=1 GROUP BY `main`.`LearningUnit`.`sessionId`) AS `aggr_selection_0_LearningUnit` ON (`main`.`LearningSession`.`id` = `aggr_selection_0_LearningUnit`.`sessionId`) WHERE `main`.`LearningSession`.`projectId` = ? ORDER BY `main`.`LearningSession`.`createdAt` DESC LIMIT ? OFFSET ?
 POST /projects/cmj3fm1je0003i256zhfoewa8 200 in 45ms (compile: 31ms, render: 14ms)
prisma:query SELECT `main`.`File`.`id`, `main`.`File`.`name`, `main`.`File`.`url`, `main`.`File`.`mimeType`, `main`.`File`.`size`, `main`.`File`.`category`, `main`.`File`.`createdAt`, `main`.`File`.`updatedAt`, `main`.`File`.`projectId` FROM `main`.`File` WHERE `main`.`File`.`projectId` = ? ORDER BY `main`.`File`.`createdAt` DESC LIMIT ? OFFSET ?
 POST /projects/cmj3fm1je0003i256zhfoewa8 200 in 17ms (compile: 4ms, render: 13ms)
prisma:query SELECT `main`.`File`.`id`, `main`.`File`.`name`, `main`.`File`.`url`, `main`.`File`.`mimeType`, `main`.`File`.`size`, `main`.`File`.`category`, `main`.`File`.`createdAt`, `main`.`File`.`updatedAt`, `main`.`File`.`projectId` FROM `main`.`File` WHERE `main`.`File`.`projectId` = ? ORDER BY `main`.`File`.`createdAt` DESC LIMIT ? OFFSET ?
 POST /projects/cmj3fm1je0003i256zhfoewa8 200 in 54ms (compile: 36ms, render: 18ms)
prisma:query INSERT INTO `main`.`File` (`id`, `name`, `url`, `mimeType`, `size`, `category`, `createdAt`, `updatedAt`, `projectId`) VALUES (?,?,?,?,?,?,?,?,?) RETURNING `id` AS `id`, `name` AS `name`, `url` AS `url`, `mimeType` AS `mimeType`, `size` AS `size`, `category` AS `category`, `createdAt` AS `createdAt`, `updatedAt` AS `updatedAt`, `projectId` AS `projectId`
 POST /projects/cmj3fm1je0003i256zhfoewa8 200 in 52ms (compile: 5ms, render: 48ms)
prisma:query SELECT `main`.`File`.`id`, `main`.`File`.`name`, `main`.`File`.`url`, `main`.`File`.`mimeType`, `main`.`File`.`size`, `main`.`File`.`category`, `main`.`File`.`createdAt`, `main`.`File`.`updatedAt`, `main`.`File`.`projectId` FROM `main`.`File` WHERE `main`.`File`.`projectId` = ? ORDER BY `main`.`File`.`createdAt` DESC LIMIT ? OFFSET ?
 POST /projects/cmj3fm1je0003i256zhfoewa8 200 in 16ms (compile: 4ms, render: 12ms)
prisma:query SELECT `main`.`LearningSession`.`id`, `main`.`LearningSession`.`title`, `main`.`LearningSession`.`createdAt`, `main`.`LearningSession`.`updatedAt`, `main`.`LearningSession`.`status`, `main`.`LearningSession`.`projectId`, `main`.`LearningSession`.`contextFileIds`, COALESCE(`aggr_selection_0_LearningUnit`.`_aggr_count_units`, 0) AS `_aggr_count_units` FROM `main`.`LearningSession` LEFT JOIN (SELECT `main`.`LearningUnit`.`sessionId`, COUNT(*) AS `_aggr_count_units` FROM `main`.`LearningUnit` WHERE 1=1 GROUP BY `main`.`LearningUnit`.`sessionId`) AS `aggr_selection_0_LearningUnit` ON (`main`.`LearningSession`.`id` = `aggr_selection_0_LearningUnit`.`sessionId`) WHERE `main`.`LearningSession`.`projectId` = ? ORDER BY `main`.`LearningSession`.`createdAt` DESC LIMIT ? OFFSET ?
 POST /projects/cmj3fm1je0003i256zhfoewa8 200 in 44ms (compile: 29ms, render: 14ms)
prisma:query SELECT `main`.`File`.`id`, `main`.`File`.`name`, `main`.`File`.`url`, `main`.`File`.`mimeType`, `main`.`File`.`size`, `main`.`File`.`category`, `main`.`File`.`createdAt`, `main`.`File`.`updatedAt`, `main`.`File`.`projectId` FROM `main`.`File` WHERE `main`.`File`.`projectId` = ? ORDER BY `main`.`File`.`createdAt` DESC LIMIT ? OFFSET ?
 POST /projects/cmj3fm1je0003i256zhfoewa8 200 in 25ms (compile: 8ms, render: 17ms)
